node.exe : FAIL __tes
ts__/lib/validators.t
est.ts
At line:1 char:1
+ & "C:\Program Files
\nodejs/node.exe" 
"C:\Program 
Files\nodejs/node_mo 
...
+ ~~~~~~~~~~~~~~~~~~~
~~~~~~~~~~~~~~~~~~~~~
~~~~~~~~~~~~~~~~~~~~~
~~~~~~~~
    + CategoryInfo   
           : NotSpe  
  cified: (FAIL __   
 tests__/lib/vali    
dators.test.ts:S    
tring) [], Remot    
eException
    + FullyQualified 
   ErrorId : Native  
  CommandError
 
  ΓùÅ Test suite 
failed to run

    ReferenceError: 
Request is not 
defined

    [0m [90m 195 
|[39m   parent_name
[33m:[39m z[33m.[3
9mstring()[33m.[39m
optional()[33m,[39m
     [90m 196 
|[39m   parent_phone
[33m:[39m z[33m.[
39mstring()[33m.[39
moptional()[33m,[39
m
    [31m[1m>[22m[
39m[90m 197 |[39m  
 address[33m:[39m z
[33m.[39mstring()[
33m.[39moptional()[
33m,[39m
     [90m     
|[39m               
  
[31m[1m^[22m[39m
     [90m 198 
|[39m })[33m;[39m
     [90m 199 |[39m
     [90m 200 
|[39m [90m// 
ΓöÇΓöÇΓöÇΓöÇ Leave 
Validators 
ΓöÇΓöÇΓöÇΓöÇ[39m[0m

      at 
Object.Request (node_
modules/next/src/serv
er/web/spec-extension
/request.ts:15:34)
      at 
Object.<anonymous> (n
ode_modules/next/serv
er.js:2:16)
      at 
Object.<anonymous> (s
rc/lib/validators.ts:
197:17)
      at 
Object.<anonymous> (_
_tests__/lib/validato
rs.test.ts:12:21)

Test Suites: 1 
failed, 1 total
Tests:       0 total
Snapshots:   0 total
Time:        1.135 s
Ran all test suites 
matching __tests__/li
b/validators.test.ts.
